
> patrimonio_inventario@0.0.1 test:e2e
> jest --config ./test/jest-e2e.json inventory-mobile

  console.log
    [dotenv@17.2.3] injecting env (11) from .env -- tip: ­ƒöÉ prevent building .env in docker: https://dotenvx.com/prebuild

      at _log (../node_modules/dotenv/lib/main.js:142:11)

node.exe : [31m[Nest] 16288  - [39m06/11/2025, 17:42:40 [31m  
ERROR[39m [38;5;3m[NotificationsService] [39m[31mErro ao notificar 
cria├º├úo de campanha: relation "event_patrimonios" does not exist[39m
No C:\Program Files\nodejs\npm.ps1:29 caractere:3
+   & $NODE_EXE $NPM_CLI_JS $args
+   ~~~~~~~~~~~~~~~~~~~~~~~~~~~~~
    + CategoryInfo          : NotSpecified: ([31m[Nest] 162... not exist 
   [39m:String) [], RemoteException
    + FullyQualifiedErrorId : NativeCommandError
 
[31m[Nest] 16288  - [39m06/11/2025, 17:42:40 [31m  ERROR[39m 
[38;5;3m[NotificationsService] [39m[31mErro ao notificar cria├º├úo de 
campanha: relation "event_patrimonios" does not exist[39m
[31m[Nest] 16288  - [39m06/11/2025, 17:42:40 [31m  ERROR[39m 
[38;5;3m[NotificationsService] [39m[31mErro ao notificar cria├º├úo de 
campanha: relation "event_patrimonios" does not exist[39m
[31m[Nest] 16288  - [39m06/11/2025, 17:42:40 [31m  ERROR[39m 
[38;5;3m[NotificationsService] [39m[31mErro ao notificar cria├º├úo de 
campanha: relation "event_patrimonios" does not exist[39m
[31m[Nest] 16288  - [39m06/11/2025, 17:42:40 [31m  ERROR[39m 
[38;5;3m[NotificationsService] [39m[31mErro ao notificar cria├º├úo de 
campanha: relation "event_patrimonios" does not exist[39m
[31m[Nest] 16288  - [39m06/11/2025, 17:42:40 [31m  ERROR[39m 
[38;5;3m[NotificationsService] [39m[31mErro ao notificar cria├º├úo de 
campanha: relation "event_patrimonios" does not exist[39m
[31m[Nest] 16288  - [39m06/11/2025, 17:42:40 [31m  ERROR[39m 
[38;5;3m[NotificationsService] [39m[31mErro ao notificar cria├º├úo de 
campanha: relation "event_patrimonios" does not exist[39m
[31m[Nest] 16288  - [39m06/11/2025, 17:42:40 [31m  ERROR[39m 
[38;5;3m[NotificationsService] [39m[31mErro ao notificar cria├º├úo de 
campanha: relation "event_patrimonios" does not exist[39m
[31m[Nest] 16288  - [39m06/11/2025, 17:42:40 [31m  ERROR[39m 
[38;5;3m[NotificationsService] [39m[31mErro ao notificar cria├º├úo de 
campanha: relation "event_patrimonios" does not exist[39m
[31m[Nest] 16288  - [39m06/11/2025, 17:42:41 [31m  ERROR[39m 
[38;5;3m[NotificationsService] [39m[31mErro ao notificar cria├º├úo de 
campanha: relation "event_patrimonios" does not exist[39m
FAIL test/inventory-mobile/inventory-mobile.e2e-spec.ts (17.846 s)
  Inventory Mobile (e2e)
    POST /v1/inventory/campaigns
      ÔêÜ deve criar uma campanha com sucesso (201) (110 ms)
      ÔêÜ deve retornar 400 para per├¡odo inv├ílido (in├¡cio >= fim) (24 
ms)
      ÔêÜ deve retornar 400 para dados faltando (17 ms)
    GET /v1/inventory/campaigns/:id/assignments
      ÔêÜ deve listar assignments de uma campanha (200) (167 ms)
      ÔêÜ deve retornar 404 para campanha n├úo encontrada (24 ms)
    POST /v1/inventory/campaigns/:id/assignments
      ÔêÜ deve distribuir assignments com sucesso (201) (67 ms)
      ÔêÜ deve retornar 400 para campanha com status inv├ílido (51 ms)
      ÔêÜ deve retornar 400 para assignment duplicado (108 ms)
    POST /v1/inventory/sync/pull
      ÔêÜ deve retornar dados de sincroniza├º├úo (200) (32 ms)
      ÔêÜ deve suportar sincroniza├º├úo incremental com lastSyncAt (24 ms)
    POST /v1/inventory/sync/push
      ÔêÜ deve processar itens coletados com sucesso (200) (118 ms)
      ├ù deve retornar 200 com erros para assignment que n├úo pertence ao 
coletor (13 ms)
    POST /v1/inventory/reconcile
      ÔêÜ deve iniciar concilia├º├úo com sucesso (202) (81 ms)
      ÔêÜ deve retornar 404 para campanha n├úo encontrada (16 ms)
    GET /v1/inventory/campaigns/:id/report
      ÔêÜ deve gerar relat├│rio de campanha (200) (41 ms)
      ÔêÜ deve retornar 404 para campanha n├úo encontrada (16 ms)
    GET /v1/inventory/campaigns/:id/export/csv
      ÔêÜ deve exportar diverg├¬ncias para CSV (200) (46 ms)
    GET /v1/inventory/campaigns/:id/export/excel
      ÔêÜ deve exportar relat├│rio para Excel (200) (185 ms)
    GET /v1/inventory/dashboard
      ÔêÜ deve retornar dashboard com estat├¡sticas (200) (163 ms)

  ÔùÅ Inventory Mobile (e2e) ÔÇ║ POST /v1/inventory/sync/push ÔÇ║ deve 
retornar 200 com erros para assignment que n├úo pertence ao coletor

    expected 200 "OK", got 400 "Bad Request"

    [0m [90m 341 |[39m         
[33m.[39mpost([32m'/v1/inventory/sync/push'[39m)
     [90m 342 |[39m         [33m.[39msend(dto)
    [31m[1m>[22m[39m[90m 343 |[39m         
[33m.[39mexpect([35m200[39m)[33m;[39m [90m// Retorna 200 mas com 
erros na lista[39m
     [90m     |[39m          [31m[1m^[22m[39m
     [90m 344 |[39m
     [90m 345 |[39m       expect(response[33m.[39mbody)[33m.[39mtoHav
eProperty([32m'errors'[39m)[33m;[39m
     [90m 346 |[39m       expect([33mArray[39m[33m.[39misArray(respon
se[33m.[39mbody[33m.[39merrors))[33m.[39mtoBe([36mtrue[39m)[33m;[
39m[0m

      at Object.<anonymous> 
(inventory-mobile/inventory-mobile.e2e-spec.ts:343:10)
      ----
      at Test._assertStatus (../node_modules/supertest/lib/test.js:309:14)
      at ../node_modules/supertest/lib/test.js:365:13
      at Test._assertFunction 
(../node_modules/supertest/lib/test.js:342:13)
      at Test.assert (../node_modules/supertest/lib/test.js:195:23)
      at localAssert (../node_modules/supertest/lib/test.js:138:14)
      at Server.<anonymous> (../node_modules/supertest/lib/test.js:152:11)

Test Suites: 1 failed, 1 total
Tests:       1 failed, 18 passed, 19 total
Snapshots:   0 total
Time:        18.866 s, estimated 21 s
Ran all test suites matching inventory-mobile.
Jest did not exit one second after the test run has completed.

'This usually means that there are asynchronous operations that weren't 
stopped in your tests. Consider running Jest with `--detectOpenHandles` to 
troubleshoot this issue.
